
Allocating common symbols
Common symbol       size              file

MA_Status           0x1               Main_Algorithm.o
AA_state            0x4               Alarm_Actuator.o
AM_state            0x4               Alarm_Monitor.o
MA_state            0x4               Main_Algorithm.o
PS_state            0x4               Pressure_Sensor.o
AA_Status           0x1               Alarm_Actuator.o
AM_Status           0x1               Alarm_Monitor.o
PS_Status           0x1               Pressure_Sensor.o

Memory Configuration

Name             Origin             Length             Attributes
flash            0x08000000         0x00020000         xr
sram             0x20000000         0x00005000         xrw
*default*        0x00000000         0xffffffff

Linker script and memory map


.text           0x08000000      0x574
 *(.vectors*)
 .vectors       0x08000000       0x1c startup.o
                0x08000000                vectors
 *(.text*)
 .text          0x0800001c       0xdc Alarm_Actuator.o
                0x0800001c                ST_AA_init
                0x08000048                ST_AA_waiting
                0x08000060                ST_AA_alarm_off
                0x08000090                ST_AA_alarm_on
                0x080000c0                start_alarm
                0x080000dc                stop_alarm
 .text          0x080000f8       0xc8 Alarm_Monitor.o
                0x080000f8                ST_AM_waiting
                0x08000128                ST_AM_alarm_on
                0x08000154                ST_AM_alarm_off
                0x08000180                High_Pressure_Detection
 .text          0x080001c0      0x10c GPIO.o
                0x080001c0                Delay
                0x080001e4                getPressureVal
                0x080001fc                Set_Alarm_actuator
                0x0800024c                GPIO_INITIALIZATION
 .text          0x080002cc       0xb8 Main_Algorithm.o
                0x080002cc                Set_Pressure_Val
                0x08000328                ST_MA_waiting
                0x08000354                ST_MA_High_Pressure
 .text          0x08000384       0xa4 Pressure_Sensor.o
                0x08000384                ST_PS_reading
                0x080003cc                ST_PS_init
                0x080003f8                ST_PS_waiting
 .text          0x08000428       0x90 main.o
                0x08000428                setup
                0x0800047c                main
 .text          0x080004b8       0xbc startup.o
                0x080004b8                NMI_Handler
                0x080004b8                H_Fault_Handler
                0x080004b8                Default_Hundler
                0x080004b8                MM_Fault_Handler
                0x080004b8                Bus_Fault
                0x080004b8                Usage_Fault_Handler
                0x080004c4                Reset_Hundler
 *(.rodata*)
                0x08000574                _E_TEXT = .

.glue_7         0x08000574        0x0
 .glue_7        0x00000000        0x0 linker stubs

.glue_7t        0x08000574        0x0
 .glue_7t       0x00000000        0x0 linker stubs

.vfp11_veneer   0x08000574        0x0
 .vfp11_veneer  0x00000000        0x0 linker stubs

.v4_bx          0x08000574        0x0
 .v4_bx         0x00000000        0x0 linker stubs

.iplt           0x08000574        0x0
 .iplt          0x00000000        0x0 Alarm_Actuator.o

.rel.dyn        0x08000574        0x0
 .rel.iplt      0x00000000        0x0 Alarm_Actuator.o

.data           0x20000000        0x4 load address 0x08000574
                0x20000000                _S_DATA = .
 *(.data*)
 .data          0x20000000        0x0 Alarm_Actuator.o
 .data          0x20000000        0x0 Alarm_Monitor.o
 .data          0x20000000        0x0 GPIO.o
 .data          0x20000000        0x4 Main_Algorithm.o
 .data          0x20000004        0x0 Pressure_Sensor.o
 .data          0x20000004        0x0 main.o
 .data          0x20000004        0x0 startup.o
                0x20000004                . = ALIGN (0x4)
                0x20000004                _E_DATA = .

.igot.plt       0x20000004        0x0 load address 0x08000578
 .igot.plt      0x00000000        0x0 Alarm_Actuator.o

.bss            0x20000004     0x1025 load address 0x08000578
                0x20000004                _S_BSS = .
 *(.bss*)
 .bss           0x20000004        0x0 Alarm_Actuator.o
 .bss           0x20000004        0x0 Alarm_Monitor.o
 .bss           0x20000004        0x0 GPIO.o
 .bss           0x20000004        0x4 Main_Algorithm.o
 .bss           0x20000008        0x4 Pressure_Sensor.o
 .bss           0x2000000c        0x0 main.o
 .bss           0x2000000c        0x0 startup.o
                0x2000000c                . = ALIGN (0x4)
                0x2000000c                _E_BSS = .
                0x2000000c                . = ALIGN (0x4)
                0x2000100c                . = (. + 0x1000)
 *fill*         0x2000000c     0x1000 
                0x2000100c                _STACK_TOP = .
 COMMON         0x2000100c        0x5 Alarm_Actuator.o
                0x2000100c                AA_state
                0x20001010                AA_Status
 *fill*         0x20001011        0x3 
 COMMON         0x20001014        0x5 Alarm_Monitor.o
                0x20001014                AM_state
                0x20001018                AM_Status
 *fill*         0x20001019        0x3 
 COMMON         0x2000101c        0x8 Main_Algorithm.o
                0x2000101c                MA_Status
                0x20001020                MA_state
 COMMON         0x20001024        0x5 Pressure_Sensor.o
                0x20001024                PS_state
                0x20001028                PS_Status
LOAD Alarm_Actuator.o
LOAD Alarm_Monitor.o
LOAD GPIO.o
LOAD Main_Algorithm.o
LOAD Pressure_Sensor.o
LOAD main.o
LOAD startup.o
OUTPUT(Pressure_Control_Stm32.elf elf32-littlearm)

.debug_info     0x00000000      0x920
 .debug_info    0x00000000      0x14c Alarm_Actuator.o
 .debug_info    0x0000014c      0x12e Alarm_Monitor.o
 .debug_info    0x0000027a      0x103 GPIO.o
 .debug_info    0x0000037d      0x135 Main_Algorithm.o
 .debug_info    0x000004b2      0x12a Pressure_Sensor.o
 .debug_info    0x000005dc      0x19f main.o
 .debug_info    0x0000077b      0x1a5 startup.o

.debug_abbrev   0x00000000      0x4ff
 .debug_abbrev  0x00000000       0xaa Alarm_Actuator.o
 .debug_abbrev  0x000000aa       0xa5 Alarm_Monitor.o
 .debug_abbrev  0x0000014f       0x9d GPIO.o
 .debug_abbrev  0x000001ec       0xca Main_Algorithm.o
 .debug_abbrev  0x000002b6       0xca Pressure_Sensor.o
 .debug_abbrev  0x00000380       0xa9 main.o
 .debug_abbrev  0x00000429       0xd6 startup.o

.debug_loc      0x00000000      0x45c
 .debug_loc     0x00000000      0x108 Alarm_Actuator.o
 .debug_loc     0x00000108       0xbc Alarm_Monitor.o
 .debug_loc     0x000001c4       0xc8 GPIO.o
 .debug_loc     0x0000028c       0x90 Main_Algorithm.o
 .debug_loc     0x0000031c       0x84 Pressure_Sensor.o
 .debug_loc     0x000003a0       0x58 main.o
 .debug_loc     0x000003f8       0x64 startup.o

.debug_aranges  0x00000000       0xe0
 .debug_aranges
                0x00000000       0x20 Alarm_Actuator.o
 .debug_aranges
                0x00000020       0x20 Alarm_Monitor.o
 .debug_aranges
                0x00000040       0x20 GPIO.o
 .debug_aranges
                0x00000060       0x20 Main_Algorithm.o
 .debug_aranges
                0x00000080       0x20 Pressure_Sensor.o
 .debug_aranges
                0x000000a0       0x20 main.o
 .debug_aranges
                0x000000c0       0x20 startup.o

.debug_line     0x00000000      0x35d
 .debug_line    0x00000000       0x6a Alarm_Actuator.o
 .debug_line    0x0000006a       0x65 Alarm_Monitor.o
 .debug_line    0x000000cf       0x9a GPIO.o
 .debug_line    0x00000169       0x6c Main_Algorithm.o
 .debug_line    0x000001d5       0x64 Pressure_Sensor.o
 .debug_line    0x00000239       0xa7 main.o
 .debug_line    0x000002e0       0x7d startup.o

.debug_str      0x00000000      0x34b
 .debug_str     0x00000000      0x121 Alarm_Actuator.o
                                0x186 (size before relaxing)
 .debug_str     0x00000121       0x68 Alarm_Monitor.o
                                0x179 (size before relaxing)
 .debug_str     0x00000189       0x53 GPIO.o
                                0x13a (size before relaxing)
 .debug_str     0x000001dc       0x76 Main_Algorithm.o
                                0x188 (size before relaxing)
 .debug_str     0x00000252       0x4c Pressure_Sensor.o
                                0x171 (size before relaxing)
 .debug_str     0x0000029e       0x12 main.o
                                0x1cf (size before relaxing)
 .debug_str     0x000002b0       0x9b startup.o
                                0x170 (size before relaxing)

.comment        0x00000000       0x11
 .comment       0x00000000       0x11 Alarm_Actuator.o
                                 0x12 (size before relaxing)
 .comment       0x00000000       0x12 Alarm_Monitor.o
 .comment       0x00000000       0x12 GPIO.o
 .comment       0x00000000       0x12 Main_Algorithm.o
 .comment       0x00000000       0x12 Pressure_Sensor.o
 .comment       0x00000000       0x12 main.o
 .comment       0x00000000       0x12 startup.o

.ARM.attributes
                0x00000000       0x33
 .ARM.attributes
                0x00000000       0x33 Alarm_Actuator.o
 .ARM.attributes
                0x00000033       0x33 Alarm_Monitor.o
 .ARM.attributes
                0x00000066       0x33 GPIO.o
 .ARM.attributes
                0x00000099       0x33 Main_Algorithm.o
 .ARM.attributes
                0x000000cc       0x33 Pressure_Sensor.o
 .ARM.attributes
                0x000000ff       0x33 main.o
 .ARM.attributes
                0x00000132       0x33 startup.o

.debug_frame    0x00000000      0x2f4
 .debug_frame   0x00000000       0xa8 Alarm_Actuator.o
 .debug_frame   0x000000a8       0x80 Alarm_Monitor.o
 .debug_frame   0x00000128       0x78 GPIO.o
 .debug_frame   0x000001a0       0x60 Main_Algorithm.o
 .debug_frame   0x00000200       0x60 Pressure_Sensor.o
 .debug_frame   0x00000260       0x48 main.o
 .debug_frame   0x000002a8       0x4c startup.o
