
Allocating common symbols
Common symbol       size              file

bss_var             0x3               main.o

Memory Configuration

Name             Origin             Length             Attributes
flash            0x08000000         0x00020000         xr
sram             0x20000000         0x00005000         xrw
*default*        0x00000000         0xffffffff

Linker script and memory map


.text           0x08000000      0x218
 *(.vectors*)
 .vectors       0x08000000       0x1c startup.o
                0x08000000                vectors
 *(.text*)
 .text          0x0800001c      0x13c main.o
                0x0800001c                _sbrk
                0x0800009c                main
 .text          0x08000158       0xbc startup.o
                0x08000158                NMI_Handler
                0x08000158                H_Fault_Handler
                0x08000158                Default_Hundler
                0x08000158                MM_Fault_Handler
                0x08000158                Bus_Fault
                0x08000158                Usage_Fault_Handler
                0x08000164                Reset_Hundler
 *(.rodata*)
 .rodata        0x08000214        0x4 main.o
                0x08000214                const_variabels
                0x08000218                _E_TEXT = .

.glue_7         0x08000218        0x0
 .glue_7        0x00000000        0x0 linker stubs

.glue_7t        0x08000218        0x0
 .glue_7t       0x00000000        0x0 linker stubs

.vfp11_veneer   0x08000218        0x0
 .vfp11_veneer  0x00000000        0x0 linker stubs

.v4_bx          0x08000218        0x0
 .v4_bx         0x00000000        0x0 linker stubs

.iplt           0x08000218        0x0
 .iplt          0x00000000        0x0 main.o

.rel.dyn        0x08000218        0x0
 .rel.iplt      0x00000000        0x0 main.o

.data           0x20000000        0x8 load address 0x08000218
                0x20000000                _S_DATA = .
 *(.data*)
 .data          0x20000000        0x8 main.o
                0x20000000                R_ODR
                0x20000004                g_variabels
 .data          0x20000008        0x0 startup.o
                0x20000008                . = ALIGN (0x4)
                0x20000008                _E_DATA = .

.igot.plt       0x20000008        0x0 load address 0x08000220
 .igot.plt      0x00000000        0x0 main.o

.bss            0x20000008     0x2007 load address 0x08000220
                0x20000008                _S_BSS = .
 *(.bss*)
 .bss           0x20000008        0x4 main.o
 .bss           0x2000000c        0x0 startup.o
                0x2000000c                . = ALIGN (0x4)
                0x2000000c                _E_bss = .
                0x2000000c                . = ALIGN (0x4)
                0x2000100c                . = (. + 0x1000)
 *fill*         0x2000000c     0x1000 
                0x2000100c                _heap_End = .
                0x2000100c                . = ALIGN (0x4)
                0x2000200c                . = (. + 0x1000)
 *fill*         0x2000100c     0x1000 
                0x2000200c                _STACK_TOP = .
 COMMON         0x2000200c        0x3 main.o
                0x2000200c                bss_var
LOAD main.o
LOAD startup.o
OUTPUT(Toggle_LED_cortex_m3.elf elf32-littlearm)

.debug_info     0x00000000      0x3c6
 .debug_info    0x00000000      0x221 main.o
 .debug_info    0x00000221      0x1a5 startup.o

.debug_abbrev   0x00000000      0x216
 .debug_abbrev  0x00000000      0x140 main.o
 .debug_abbrev  0x00000140       0xd6 startup.o

.debug_loc      0x00000000       0xd4
 .debug_loc     0x00000000       0x70 main.o
 .debug_loc     0x00000070       0x64 startup.o

.debug_aranges  0x00000000       0x40
 .debug_aranges
                0x00000000       0x20 main.o
 .debug_aranges
                0x00000020       0x20 startup.o

.debug_line     0x00000000      0x127
 .debug_line    0x00000000       0xaa main.o
 .debug_line    0x000000aa       0x7d startup.o

.debug_str      0x00000000      0x1e9
 .debug_str     0x00000000      0x14e main.o
                                0x190 (size before relaxing)
 .debug_str     0x0000014e       0x9b startup.o
                                0x17c (size before relaxing)

.comment        0x00000000       0x11
 .comment       0x00000000       0x11 main.o
                                 0x12 (size before relaxing)
 .comment       0x00000000       0x12 startup.o

.ARM.attributes
                0x00000000       0x33
 .ARM.attributes
                0x00000000       0x33 main.o
 .ARM.attributes
                0x00000033       0x33 startup.o

.debug_frame    0x00000000       0x98
 .debug_frame   0x00000000       0x4c main.o
 .debug_frame   0x0000004c       0x4c startup.o
