
Memory Configuration

Name             Origin             Length             Attributes
Mem              0x00000000         0x04000000         xrw
*default*        0x00000000         0xffffffff

Linker script and memory map

                0x00010000                . = 0x10000

.startup        0x00010000       0x10
 startup.o(.text)
 .text          0x00010000       0x10 startup.o
                0x00010000                reset

.text           0x00010010       0xcc
 *(.text)
 .text          0x00010010       0x18 app.o
                0x00010010                main
 .text          0x00010028       0x50 uart.o
                0x00010028                Uart_Send_String
 *(.rodata)
 .rodata        0x00010078       0x64 app.o
                0x00010078                String_Buffer_C

.glue_7         0x000100dc        0x0
 .glue_7        0x00000000        0x0 linker stubs

.glue_7t        0x000100dc        0x0
 .glue_7t       0x00000000        0x0 linker stubs

.vfp11_veneer   0x000100dc        0x0
 .vfp11_veneer  0x00000000        0x0 linker stubs

.v4_bx          0x000100dc        0x0
 .v4_bx         0x00000000        0x0 linker stubs

.iplt           0x000100dc        0x0
 .iplt          0x00000000        0x0 startup.o

.rel.dyn        0x000100dc        0x0
 .rel.iplt      0x00000000        0x0 startup.o

.data           0x000100dc       0x64
 *(.data)
 .data          0x000100dc        0x0 startup.o
 .data          0x000100dc       0x64 app.o
                0x000100dc                String_Buffer
 .data          0x00010140        0x0 uart.o

.igot.plt       0x00010140        0x0
 .igot.plt      0x00000000        0x0 startup.o

.bss            0x00010140        0x0
 *(.bss)
 .bss           0x00010140        0x0 startup.o
 .bss           0x00010140        0x0 app.o
 .bss           0x00010140        0x0 uart.o
 *(COMMAN)
                0x00011140                . = (. + 0x1000)
                0x00011140                stack_top = .
LOAD app.o
LOAD uart.o
OUTPUT(Uart_lab.elf elf32-littlearm)

.ARM.attributes
                0x00000000       0x2e
 .ARM.attributes
                0x00000000       0x22 startup.o
 .ARM.attributes
                0x00000022       0x32 app.o
 .ARM.attributes
                0x00000054       0x32 uart.o

.comment        0x00000000       0x11
 .comment       0x00000000       0x11 app.o
                                 0x12 (size before relaxing)
 .comment       0x00000000       0x12 uart.o

.debug_line     0x00000000       0xd6
 .debug_line    0x00000000       0x3a startup.o
 .debug_line    0x0000003a       0x49 app.o
 .debug_line    0x00000083       0x53 uart.o

.debug_info     0x00000000      0x22a
 .debug_info    0x00000000       0x80 startup.o
 .debug_info    0x00000080       0xdb app.o
 .debug_info    0x0000015b       0xcf uart.o

.debug_abbrev   0x00000000       0xfd
 .debug_abbrev  0x00000000       0x14 startup.o
 .debug_abbrev  0x00000014       0x79 app.o
 .debug_abbrev  0x0000008d       0x70 uart.o

.debug_aranges  0x00000000       0x60
 .debug_aranges
                0x00000000       0x20 startup.o
 .debug_aranges
                0x00000020       0x20 app.o
 .debug_aranges
                0x00000040       0x20 uart.o

.debug_loc      0x00000000       0x58
 .debug_loc     0x00000000       0x2c app.o
 .debug_loc     0x0000002c       0x2c uart.o

.debug_str      0x00000000      0x124
 .debug_str     0x00000000       0xf7 app.o
                                0x115 (size before relaxing)
 .debug_str     0x000000f7       0x2d uart.o
                                0x119 (size before relaxing)

.debug_frame    0x00000000       0x54
 .debug_frame   0x00000000       0x2c app.o
 .debug_frame   0x0000002c       0x28 uart.o
